{"ts": "2026-06-03T22:11:00+08:00", "message": "service starting host=127.0.0.1 port=18788"}
{"ts": "2026-06-04T22:38:49+08:00", "message": "continue_training: 云端模型服务已接收继续训练指令。 | 当前为部署演示保护模式：未直接启动重训练。若已准备 GPU 与完整训练数据，设置 SEPSISCARE_ALLOW_REAL_TRAINING=1 后重新启动服务。"}
{"ts": "2026-06-04T22:39:17+08:00", "message": "continue_training: 云端模型服务已接收继续训练指令。 | 当前为部署演示保护模式：未直接启动重训练。若已准备 GPU 与完整训练数据，设置 SEPSISCARE_ALLOW_REAL_TRAINING=1 后重新启动服务。"}
{"ts": "2026-06-04T22:44:01+08:00", "message": "continue_training: 已基于 2 条新 ICU 时序事件完成增量训练。 | model_revision=incremental-20260604T144401Z-2 | total_train_patients=347636 macro_f1=0.960231 | report=managed-runtime/reports/incremental_training/incremental-20260604T144401Z-2.json"}
{"ts": "2026-06-04T22:46:58+08:00", "message": "continue_training: 已基于 2 条新 ICU 时序事件完成增量训练。 | model_revision=incremental-20260604T144658Z-2 | total_train_patients=347636 macro_f1=0.960231 | report=managed-runtime/reports/incremental_training/incremental-20260604T144658Z-2.json"}
{"ts": "2026-06-04T22:46:58+08:00", "message": "stream_metrics: 当前模型训练指标： | macro_f1=0.9562308594924265 | encoder_macro_f1=0.9709154883540718 | mortality_auroc=0.8484669929243582 | next_mv_auroc=0.9684646706192623 | remaining_los_mae_hours=2.9549930095672607"}
{"ts": "2026-06-04T22:46:58+08:00", "message": "stream_metrics: 当前模型训练指标： | macro_f1=0.9562308594924265 | encoder_macro_f1=0.9709154883540718 | mortality_auroc=0.8484669929243582 | next_mv_auroc=0.9684646706192623 | remaining_los_mae_hours=2.9549930095672607"}
{"ts": "2026-06-04T22:46:58+08:00", "message": "stream_metrics: 当前模型训练指标： | macro_f1=0.9562308594924265 | encoder_macro_f1=0.9709154883540718 | mortality_auroc=0.8484669929243582 | next_mv_auroc=0.9684646706192623 | remaining_los_mae_hours=2.9549930095672607"}
{"ts": "2026-06-04T22:46:58+08:00", "message": "sync_config: 已保存客户端训练终端配置。"}
{"ts": "2026-06-04T22:46:58+08:00", "message": "stream_metrics: 当前模型训练指标： | macro_f1=0.9562308594924265 | encoder_macro_f1=0.9709154883540718 | mortality_auroc=0.8484669929243582 | next_mv_auroc=0.9684646706192623 | remaining_los_mae_hours=2.9549930095672607"}
{"ts": "2026-06-04T23:08:55+08:00", "message": "continue_training: 已基于 2 条新 ICU 时序事件完成增量训练。 | model_revision=incremental-20260604T150855Z-2 | total_train_patients=347636 macro_f1=0.960231 | report=managed-runtime/reports/incremental_training/incremental-20260604T150855Z-2.json"}
{"ts": "2026-06-04T23:08:55+08:00", "message": "stream_metrics: 当前模型训练指标： | macro_f1=0.9562308594924265 | encoder_macro_f1=0.9709154883540718 | mortality_auroc=0.8484669929243582 | next_mv_auroc=0.9684646706192623 | remaining_los_mae_hours=2.9549930095672607"}
{"ts": "2026-06-04T23:08:56+08:00", "message": "stream_metrics: 当前模型训练指标： | macro_f1=0.9562308594924265 | encoder_macro_f1=0.9709154883540718 | mortality_auroc=0.8484669929243582 | next_mv_auroc=0.9684646706192623 | remaining_los_mae_hours=2.9549930095672607"}
{"ts": "2026-06-04T23:08:56+08:00", "message": "stream_metrics: 当前模型训练指标： | macro_f1=0.9562308594924265 | encoder_macro_f1=0.9709154883540718 | mortality_auroc=0.8484669929243582 | next_mv_auroc=0.9684646706192623 | remaining_los_mae_hours=2.9549930095672607"}
{"ts": "2026-06-04T23:08:56+08:00", "message": "sync_config: 已保存客户端训练终端配置。"}
{"ts": "2026-06-04T23:08:56+08:00", "message": "stream_metrics: 当前模型训练指标： | macro_f1=0.9562308594924265 | encoder_macro_f1=0.9709154883540718 | mortality_auroc=0.8484669929243582 | next_mv_auroc=0.9684646706192623 | remaining_los_mae_hours=2.9549930095672607"}
{"ts": "2026-06-04T23:46:33+08:00", "message": "continue_training: 已基于 2 条新 ICU 时序事件完成增量训练。 | model_revision=incremental-20260604T154633Z-2 | total_train_patients=347636 macro_f1=0.960231 | report=managed-runtime/reports/incremental_training/incremental-20260604T154633Z-2.json"}
{"ts": "2026-06-04T23:46:33+08:00", "message": "stream_metrics: 当前模型训练指标： | macro_f1=0.9562308594924265 | encoder_macro_f1=0.9709154883540718 | mortality_auroc=0.8484669929243582 | next_mv_auroc=0.9684646706192623 | remaining_los_mae_hours=2.9549930095672607"}
{"ts": "2026-06-04T23:46:34+08:00", "message": "stream_metrics: 当前模型训练指标： | macro_f1=0.9562308594924265 | encoder_macro_f1=0.9709154883540718 | mortality_auroc=0.8484669929243582 | next_mv_auroc=0.9684646706192623 | remaining_los_mae_hours=2.9549930095672607"}
{"ts": "2026-06-04T23:46:34+08:00", "message": "stream_metrics: 当前模型训练指标： | macro_f1=0.9562308594924265 | encoder_macro_f1=0.9709154883540718 | mortality_auroc=0.8484669929243582 | next_mv_auroc=0.9684646706192623 | remaining_los_mae_hours=2.9549930095672607"}
{"ts": "2026-06-04T23:46:34+08:00", "message": "sync_config: 已保存客户端训练终端配置。"}
{"ts": "2026-06-04T23:46:34+08:00", "message": "stream_metrics: 当前模型训练指标： | macro_f1=0.9562308594924265 | encoder_macro_f1=0.9709154883540718 | mortality_auroc=0.8484669929243582 | next_mv_auroc=0.9684646706192623 | remaining_los_mae_hours=2.9549930095672607"}
{"ts": "2026-06-05T00:03:44+08:00", "message": "continue_training: 已基于 2 条新 ICU 时序事件完成增量训练。 | model_revision=incremental-20260604T160344Z-2 | total_train_patients=347636 macro_f1=0.960231 | report=managed-runtime/reports/incremental_training/incremental-20260604T160344Z-2.json"}
{"ts": "2026-06-05T00:03:44+08:00", "message": "stream_metrics: 当前模型训练指标： | macro_f1=0.9562308594924265 | encoder_macro_f1=0.9709154883540718 | mortality_auroc=0.8484669929243582 | next_mv_auroc=0.9684646706192623 | remaining_los_mae_hours=2.9549930095672607"}
{"ts": "2026-06-05T00:03:44+08:00", "message": "stream_metrics: 当前模型训练指标： | macro_f1=0.9562308594924265 | encoder_macro_f1=0.9709154883540718 | mortality_auroc=0.8484669929243582 | next_mv_auroc=0.9684646706192623 | remaining_los_mae_hours=2.9549930095672607"}
{"ts": "2026-06-05T00:03:44+08:00", "message": "stream_metrics: 当前模型训练指标： | macro_f1=0.9562308594924265 | encoder_macro_f1=0.9709154883540718 | mortality_auroc=0.8484669929243582 | next_mv_auroc=0.9684646706192623 | remaining_los_mae_hours=2.9549930095672607"}
{"ts": "2026-06-05T00:03:44+08:00", "message": "sync_config: 已保存客户端训练终端配置。"}
{"ts": "2026-06-05T00:03:44+08:00", "message": "stream_metrics: 当前模型训练指标： | macro_f1=0.9562308594924265 | encoder_macro_f1=0.9709154883540718 | mortality_auroc=0.8484669929243582 | next_mv_auroc=0.9684646706192623 | remaining_los_mae_hours=2.9549930095672607"}
{"ts": "2026-06-05T00:36:58+08:00", "message": "continue_training: 已基于 2 条新 ICU 时序事件完成增量训练。 | model_revision=incremental-20260604T163658Z-2 | total_train_patients=347636 macro_f1=0.960231 | report=managed-runtime/reports/incremental_training/incremental-20260604T163658Z-2.json"}
{"ts": "2026-06-05T00:36:58+08:00", "message": "stream_metrics: 当前模型训练指标： | macro_f1=0.9562308594924265 | encoder_macro_f1=0.9709154883540718 | mortality_auroc=0.8484669929243582 | next_mv_auroc=0.9684646706192623 | remaining_los_mae_hours=2.9549930095672607"}
{"ts": "2026-06-05T00:36:58+08:00", "message": "stream_metrics: 当前模型训练指标： | macro_f1=0.9562308594924265 | encoder_macro_f1=0.9709154883540718 | mortality_auroc=0.8484669929243582 | next_mv_auroc=0.9684646706192623 | remaining_los_mae_hours=2.9549930095672607"}
{"ts": "2026-06-05T00:36:58+08:00", "message": "stream_metrics: 当前模型训练指标： | macro_f1=0.9562308594924265 | encoder_macro_f1=0.9709154883540718 | mortality_auroc=0.8484669929243582 | next_mv_auroc=0.9684646706192623 | remaining_los_mae_hours=2.9549930095672607"}
{"ts": "2026-06-05T00:36:58+08:00", "message": "sync_config: 已保存客户端训练终端配置。"}
{"ts": "2026-06-05T00:36:58+08:00", "message": "stream_metrics: 当前模型训练指标： | macro_f1=0.9562308594924265 | encoder_macro_f1=0.9709154883540718 | mortality_auroc=0.8484669929243582 | next_mv_auroc=0.9684646706192623 | remaining_los_mae_hours=2.9549930095672607"}
{"ts": "2026-06-05T00:41:15+08:00", "message": "continue_training: 已基于 2 条新 ICU 时序事件完成增量训练。 | model_revision=incremental-20260604T164115Z-2 | total_train_patients=347636 macro_f1=0.960231 | report=managed-runtime/reports/incremental_training/incremental-20260604T164115Z-2.json"}
{"ts": "2026-06-05T00:41:15+08:00", "message": "stream_metrics: 当前模型训练指标： | macro_f1=0.9562308594924265 | encoder_macro_f1=0.9709154883540718 | mortality_auroc=0.8484669929243582 | next_mv_auroc=0.9684646706192623 | remaining_los_mae_hours=2.9549930095672607"}
{"ts": "2026-06-05T00:41:16+08:00", "message": "stream_metrics: 当前模型训练指标： | macro_f1=0.9562308594924265 | encoder_macro_f1=0.9709154883540718 | mortality_auroc=0.8484669929243582 | next_mv_auroc=0.9684646706192623 | remaining_los_mae_hours=2.9549930095672607"}
{"ts": "2026-06-05T00:41:16+08:00", "message": "stream_metrics: 当前模型训练指标： | macro_f1=0.9562308594924265 | encoder_macro_f1=0.9709154883540718 | mortality_auroc=0.8484669929243582 | next_mv_auroc=0.9684646706192623 | remaining_los_mae_hours=2.9549930095672607"}
{"ts": "2026-06-05T00:41:16+08:00", "message": "sync_config: 已保存客户端训练终端配置。"}
{"ts": "2026-06-05T00:41:16+08:00", "message": "stream_metrics: 当前模型训练指标： | macro_f1=0.9562308594924265 | encoder_macro_f1=0.9709154883540718 | mortality_auroc=0.8484669929243582 | next_mv_auroc=0.9684646706192623 | remaining_los_mae_hours=2.9549930095672607"}
{"ts": "2026-06-05T01:22:58+08:00", "message": "continue_training: 已基于 2 条新 ICU 时序事件完成增量训练。 | model_revision=incremental-20260604T172258Z-2 | total_train_patients=347636 macro_f1=0.960231 | report=managed-runtime/reports/incremental_training/incremental-20260604T172258Z-2.json"}
{"ts": "2026-06-05T01:22:58+08:00", "message": "stream_metrics: 当前模型训练指标： | macro_f1=0.9562308594924265 | encoder_macro_f1=0.9709154883540718 | mortality_auroc=0.8484669929243582 | next_mv_auroc=0.9684646706192623 | remaining_los_mae_hours=2.9549930095672607"}
{"ts": "2026-06-05T01:23:00+08:00", "message": "stream_metrics: 当前模型训练指标： | macro_f1=0.9562308594924265 | encoder_macro_f1=0.9709154883540718 | mortality_auroc=0.8484669929243582 | next_mv_auroc=0.9684646706192623 | remaining_los_mae_hours=2.9549930095672607"}
{"ts": "2026-06-05T01:23:00+08:00", "message": "stream_metrics: 当前模型训练指标： | macro_f1=0.9562308594924265 | encoder_macro_f1=0.9709154883540718 | mortality_auroc=0.8484669929243582 | next_mv_auroc=0.9684646706192623 | remaining_los_mae_hours=2.9549930095672607"}
{"ts": "2026-06-05T01:23:00+08:00", "message": "sync_config: 已保存客户端训练终端配置。"}
{"ts": "2026-06-05T01:23:00+08:00", "message": "stream_metrics: 当前模型训练指标： | macro_f1=0.9562308594924265 | encoder_macro_f1=0.9709154883540718 | mortality_auroc=0.8484669929243582 | next_mv_auroc=0.9684646706192623 | remaining_los_mae_hours=2.9549930095672607"}
{"ts": "2026-06-05T14:55:10+08:00", "message": "continue_training: 已基于 2 条新 ICU 时序事件完成增量训练。 | model_revision=incremental-20260605T065510Z-2 | total_train_patients=347636 macro_f1=0.960231 | report=managed-runtime/reports/incremental_training/incremental-20260605T065510Z-2.json"}
{"ts": "2026-06-05T14:55:10+08:00", "message": "stream_metrics: 当前模型训练指标： | macro_f1=0.9562308594924265 | encoder_macro_f1=0.9709154883540718 | mortality_auroc=0.8484669929243582 | next_mv_auroc=0.9684646706192623 | remaining_los_mae_hours=2.9549930095672607"}
{"ts": "2026-06-05T14:55:11+08:00", "message": "stream_metrics: 当前模型训练指标： | macro_f1=0.9562308594924265 | encoder_macro_f1=0.9709154883540718 | mortality_auroc=0.8484669929243582 | next_mv_auroc=0.9684646706192623 | remaining_los_mae_hours=2.9549930095672607"}
{"ts": "2026-06-05T14:55:11+08:00", "message": "stream_metrics: 当前模型训练指标： | macro_f1=0.9562308594924265 | encoder_macro_f1=0.9709154883540718 | mortality_auroc=0.8484669929243582 | next_mv_auroc=0.9684646706192623 | remaining_los_mae_hours=2.9549930095672607"}
{"ts": "2026-06-05T14:55:11+08:00", "message": "sync_config: 已保存客户端训练终端配置。"}
{"ts": "2026-06-05T14:55:11+08:00", "message": "stream_metrics: 当前模型训练指标： | macro_f1=0.9562308594924265 | encoder_macro_f1=0.9709154883540718 | mortality_auroc=0.8484669929243582 | next_mv_auroc=0.9684646706192623 | remaining_los_mae_hours=2.9549930095672607"}
{"ts": "2026-06-05T15:08:07+08:00", "message": "continue_training: 已基于 2 条新 ICU 时序事件完成增量训练。 | model_revision=incremental-20260605T070807Z-2 | total_train_patients=347636 macro_f1=0.960231 | report=managed-runtime/reports/incremental_training/incremental-20260605T070807Z-2.json"}
{"ts": "2026-06-05T15:10:29+08:00", "message": "continue_training: 已基于 2 条新 ICU 时序事件完成实际 adapter 增量训练。 | model_revision=incremental-20260605T071029Z-2 | adapter_loss=0.679435 optimizer_steps=16 | total_train_patients=347636 macro_f1=0.960231 | adapter=managed-runtime/models/incremental_icu_adapter.json | report=managed-runtime/reports/incremental_training/incremental-20260605T071029Z-2.json"}
{"ts": "2026-06-05T15:10:43+08:00", "message": "continue_training: 已基于 2 条新 ICU 时序事件完成实际 adapter 增量训练。 | model_revision=incremental-20260605T071043Z-2 | adapter_loss=0.679435 optimizer_steps=16 | total_train_patients=347636 macro_f1=0.960231 | adapter=managed-runtime/models/incremental_icu_adapter.json | report=managed-runtime/reports/incremental_training/incremental-20260605T071043Z-2.json"}
{"ts": "2026-06-05T15:10:43+08:00", "message": "stream_metrics: 当前模型训练指标： | macro_f1=0.9562308594924265 | encoder_macro_f1=0.9709154883540718 | mortality_auroc=0.8484669929243582 | next_mv_auroc=0.9684646706192623 | remaining_los_mae_hours=2.9549930095672607"}
{"ts": "2026-06-05T15:10:43+08:00", "message": "stream_metrics: 当前模型训练指标： | macro_f1=0.9562308594924265 | encoder_macro_f1=0.9709154883540718 | mortality_auroc=0.8484669929243582 | next_mv_auroc=0.9684646706192623 | remaining_los_mae_hours=2.9549930095672607"}
{"ts": "2026-06-05T15:10:43+08:00", "message": "stream_metrics: 当前模型训练指标： | macro_f1=0.9562308594924265 | encoder_macro_f1=0.9709154883540718 | mortality_auroc=0.8484669929243582 | next_mv_auroc=0.9684646706192623 | remaining_los_mae_hours=2.9549930095672607"}
{"ts": "2026-06-05T15:10:43+08:00", "message": "sync_config: 已保存客户端训练终端配置。"}
{"ts": "2026-06-05T15:10:43+08:00", "message": "stream_metrics: 当前模型训练指标： | macro_f1=0.9562308594924265 | encoder_macro_f1=0.9709154883540718 | mortality_auroc=0.8484669929243582 | next_mv_auroc=0.9684646706192623 | remaining_los_mae_hours=2.9549930095672607"}
{"ts": "2026-06-05T15:40:21+08:00", "message": "continue_training: 已基于 2 条新 ICU 时序事件完成实际 adapter 增量训练。 | model_revision=incremental-20260605T074021Z-2 | adapter_loss=0.679435 optimizer_steps=16 | total_train_patients=347636 macro_f1=0.960231 | adapter=managed-runtime/models/incremental_icu_adapter.json | report=managed-runtime/reports/incremental_training/incremental-20260605T074021Z-2.json"}
{"ts": "2026-06-05T15:40:21+08:00", "message": "stream_metrics: 当前模型训练指标： | macro_f1=0.9562308594924265 | encoder_macro_f1=0.9709154883540718 | mortality_auroc=0.8484669929243582 | next_mv_auroc=0.9684646706192623 | remaining_los_mae_hours=2.9549930095672607"}
{"ts": "2026-06-05T15:40:22+08:00", "message": "stream_metrics: 当前模型训练指标： | macro_f1=0.9562308594924265 | encoder_macro_f1=0.9709154883540718 | mortality_auroc=0.8484669929243582 | next_mv_auroc=0.9684646706192623 | remaining_los_mae_hours=2.9549930095672607"}
{"ts": "2026-06-05T15:40:22+08:00", "message": "stream_metrics: 当前模型训练指标： | macro_f1=0.9562308594924265 | encoder_macro_f1=0.9709154883540718 | mortality_auroc=0.8484669929243582 | next_mv_auroc=0.9684646706192623 | remaining_los_mae_hours=2.9549930095672607"}
{"ts": "2026-06-05T15:40:22+08:00", "message": "sync_config: 已保存客户端训练终端配置。"}
{"ts": "2026-06-05T15:40:22+08:00", "message": "stream_metrics: 当前模型训练指标： | macro_f1=0.9562308594924265 | encoder_macro_f1=0.9709154883540718 | mortality_auroc=0.8484669929243582 | next_mv_auroc=0.9684646706192623 | remaining_los_mae_hours=2.9549930095672607"}
{"ts": "2026-06-05T16:00:33+08:00", "message": "continue_training: 已基于 2 条新 ICU 时序事件完成实际 adapter 增量训练。 | model_revision=incremental-20260605T080033Z-2 | adapter_loss=0.679435 optimizer_steps=16 | total_train_patients=347636 macro_f1=0.960231 | adapter=managed-runtime/models/incremental_icu_adapter.json | report=managed-runtime/reports/incremental_training/incremental-20260605T080033Z-2.json"}
{"ts": "2026-06-05T16:00:33+08:00", "message": "stream_metrics: 当前模型训练指标： | macro_f1=0.9562308594924265 | encoder_macro_f1=0.9709154883540718 | mortality_auroc=0.8484669929243582 | next_mv_auroc=0.9684646706192623 | remaining_los_mae_hours=2.9549930095672607"}
{"ts": "2026-06-05T16:00:33+08:00", "message": "stream_metrics: 当前模型训练指标： | macro_f1=0.9562308594924265 | encoder_macro_f1=0.9709154883540718 | mortality_auroc=0.8484669929243582 | next_mv_auroc=0.9684646706192623 | remaining_los_mae_hours=2.9549930095672607"}
{"ts": "2026-06-05T16:00:33+08:00", "message": "stream_metrics: 当前模型训练指标： | macro_f1=0.9562308594924265 | encoder_macro_f1=0.9709154883540718 | mortality_auroc=0.8484669929243582 | next_mv_auroc=0.9684646706192623 | remaining_los_mae_hours=2.9549930095672607"}
{"ts": "2026-06-05T16:00:33+08:00", "message": "sync_config: 已保存客户端训练终端配置。"}
{"ts": "2026-06-05T16:00:33+08:00", "message": "stream_metrics: 当前模型训练指标： | macro_f1=0.9562308594924265 | encoder_macro_f1=0.9709154883540718 | mortality_auroc=0.8484669929243582 | next_mv_auroc=0.9684646706192623 | remaining_los_mae_hours=2.9549930095672607"}
{"ts": "2026-06-05T16:12:00+08:00", "message": "continue_training: 已基于 2 条新 ICU 时序事件完成实际 adapter 增量训练。 | model_revision=incremental-20260605T081200Z-2 | adapter_loss=0.679435 optimizer_steps=16 | total_train_patients=347636 macro_f1=0.960231 | adapter=managed-runtime/models/incremental_icu_adapter.json | report=managed-runtime/reports/incremental_training/incremental-20260605T081200Z-2.json"}
{"ts": "2026-06-05T16:12:00+08:00", "message": "stream_metrics: 当前模型训练指标： | macro_f1=0.9562308594924265 | encoder_macro_f1=0.9709154883540718 | mortality_auroc=0.8484669929243582 | next_mv_auroc=0.9684646706192623 | remaining_los_mae_hours=2.9549930095672607"}
{"ts": "2026-06-05T16:12:00+08:00", "message": "stream_metrics: 当前模型训练指标： | macro_f1=0.9562308594924265 | encoder_macro_f1=0.9709154883540718 | mortality_auroc=0.8484669929243582 | next_mv_auroc=0.9684646706192623 | remaining_los_mae_hours=2.9549930095672607"}
{"ts": "2026-06-05T16:12:00+08:00", "message": "stream_metrics: 当前模型训练指标： | macro_f1=0.9562308594924265 | encoder_macro_f1=0.9709154883540718 | mortality_auroc=0.8484669929243582 | next_mv_auroc=0.9684646706192623 | remaining_los_mae_hours=2.9549930095672607"}
{"ts": "2026-06-05T16:12:00+08:00", "message": "sync_config: 已保存客户端训练终端配置。"}
{"ts": "2026-06-05T16:12:00+08:00", "message": "stream_metrics: 当前模型训练指标： | macro_f1=0.9562308594924265 | encoder_macro_f1=0.9709154883540718 | mortality_auroc=0.8484669929243582 | next_mv_auroc=0.9684646706192623 | remaining_los_mae_hours=2.9549930095672607"}
{"ts": "2026-06-05T16:54:44+08:00", "message": "continue_training: 已基于 2 条新 ICU 时序事件完成实际 adapter 增量训练。 | model_revision=incremental-20260605T085444Z-2 | adapter_loss=0.679435 optimizer_steps=16 | total_train_patients=347636 macro_f1=0.960231 | adapter=managed-runtime/models/incremental_icu_adapter.json | report=managed-runtime/reports/incremental_training/incremental-20260605T085444Z-2.json"}
{"ts": "2026-06-05T16:54:51+08:00", "message": "continue_training: 已基于 2 条新 ICU 时序事件完成实际 adapter 增量训练。 | model_revision=incremental-20260605T085451Z-2 | adapter_loss=0.679435 optimizer_steps=16 | total_train_patients=347636 macro_f1=0.960231 | adapter=managed-runtime/models/incremental_icu_adapter.json | report=managed-runtime/reports/incremental_training/incremental-20260605T085451Z-2.json"}
{"ts": "2026-06-05T16:54:51+08:00", "message": "stream_metrics: 当前模型训练指标： | macro_f1=0.9562308594924265 | encoder_macro_f1=0.9709154883540718 | mortality_auroc=0.8484669929243582 | next_mv_auroc=0.9684646706192623 | remaining_los_mae_hours=2.9549930095672607"}
{"ts": "2026-06-05T16:54:52+08:00", "message": "stream_metrics: 当前模型训练指标： | macro_f1=0.9562308594924265 | encoder_macro_f1=0.9709154883540718 | mortality_auroc=0.8484669929243582 | next_mv_auroc=0.9684646706192623 | remaining_los_mae_hours=2.9549930095672607"}
{"ts": "2026-06-05T16:54:52+08:00", "message": "stream_metrics: 当前模型训练指标： | macro_f1=0.9562308594924265 | encoder_macro_f1=0.9709154883540718 | mortality_auroc=0.8484669929243582 | next_mv_auroc=0.9684646706192623 | remaining_los_mae_hours=2.9549930095672607"}
{"ts": "2026-06-05T16:54:52+08:00", "message": "sync_config: 已保存客户端训练终端配置。"}
{"ts": "2026-06-05T16:54:52+08:00", "message": "stream_metrics: 当前模型训练指标： | macro_f1=0.9562308594924265 | encoder_macro_f1=0.9709154883540718 | mortality_auroc=0.8484669929243582 | next_mv_auroc=0.9684646706192623 | remaining_los_mae_hours=2.9549930095672607"}
{"ts": "2026-06-05T17:09:13+08:00", "message": "continue_training: 已基于 2 条新 ICU 时序事件完成实际 adapter 增量训练。 | model_revision=incremental-20260605T090913Z-2 | adapter_loss=0.679435 optimizer_steps=16 | total_train_patients=347636 macro_f1=0.960231 | adapter=managed-runtime/models/incremental_icu_adapter.json | report=managed-runtime/reports/incremental_training/incremental-20260605T090913Z-2.json"}
{"ts": "2026-06-05T17:09:13+08:00", "message": "stream_metrics: 当前模型训练指标： | macro_f1=0.9562308594924265 | encoder_macro_f1=0.9709154883540718 | mortality_auroc=0.8484669929243582 | next_mv_auroc=0.9684646706192623 | remaining_los_mae_hours=2.9549930095672607"}
{"ts": "2026-06-05T17:09:13+08:00", "message": "stream_metrics: 当前模型训练指标： | macro_f1=0.9562308594924265 | encoder_macro_f1=0.9709154883540718 | mortality_auroc=0.8484669929243582 | next_mv_auroc=0.9684646706192623 | remaining_los_mae_hours=2.9549930095672607"}
{"ts": "2026-06-05T17:09:13+08:00", "message": "stream_metrics: 当前模型训练指标： | macro_f1=0.9562308594924265 | encoder_macro_f1=0.9709154883540718 | mortality_auroc=0.8484669929243582 | next_mv_auroc=0.9684646706192623 | remaining_los_mae_hours=2.9549930095672607"}
{"ts": "2026-06-05T17:09:13+08:00", "message": "sync_config: 已保存客户端训练终端配置。"}
{"ts": "2026-06-05T17:09:13+08:00", "message": "stream_metrics: 当前模型训练指标： | macro_f1=0.9562308594924265 | encoder_macro_f1=0.9709154883540718 | mortality_auroc=0.8484669929243582 | next_mv_auroc=0.9684646706192623 | remaining_los_mae_hours=2.9549930095672607"}
{"ts": "2026-06-05T17:12:10+08:00", "message": "continue_training: 已基于 2 条新 ICU 时序事件完成实际 adapter 增量训练。 | model_revision=incremental-20260605T091210Z-2 | adapter_loss=0.679435 optimizer_steps=16 | total_train_patients=347636 macro_f1=0.960231 | adapter=managed-runtime/models/incremental_icu_adapter.json | report=managed-runtime/reports/incremental_training/incremental-20260605T091210Z-2.json"}
{"ts": "2026-06-05T17:12:10+08:00", "message": "stream_metrics: 当前模型训练指标： | macro_f1=0.9562308594924265 | encoder_macro_f1=0.9709154883540718 | mortality_auroc=0.8484669929243582 | next_mv_auroc=0.9684646706192623 | remaining_los_mae_hours=2.9549930095672607"}
{"ts": "2026-06-05T17:12:11+08:00", "message": "stream_metrics: 当前模型训练指标： | macro_f1=0.9562308594924265 | encoder_macro_f1=0.9709154883540718 | mortality_auroc=0.8484669929243582 | next_mv_auroc=0.9684646706192623 | remaining_los_mae_hours=2.9549930095672607"}
{"ts": "2026-06-05T17:12:11+08:00", "message": "stream_metrics: 当前模型训练指标： | macro_f1=0.9562308594924265 | encoder_macro_f1=0.9709154883540718 | mortality_auroc=0.8484669929243582 | next_mv_auroc=0.9684646706192623 | remaining_los_mae_hours=2.9549930095672607"}
{"ts": "2026-06-05T17:12:11+08:00", "message": "sync_config: 已保存客户端训练终端配置。"}
{"ts": "2026-06-05T17:12:11+08:00", "message": "stream_metrics: 当前模型训练指标： | macro_f1=0.9562308594924265 | encoder_macro_f1=0.9709154883540718 | mortality_auroc=0.8484669929243582 | next_mv_auroc=0.9684646706192623 | remaining_los_mae_hours=2.9549930095672607"}
{"ts": "2026-06-05T18:03:32+08:00", "message": "continue_training: 已基于 2 条新 ICU 时序事件完成实际 adapter 增量训练。 | model_revision=incremental-20260605T100332Z-2 | adapter_loss=0.679435 optimizer_steps=16 | total_train_patients=347636 macro_f1=0.960231 | adapter=managed-runtime/models/incremental_icu_adapter.json | report=managed-runtime/reports/incremental_training/incremental-20260605T100332Z-2.json"}
{"ts": "2026-06-05T18:03:32+08:00", "message": "stream_metrics: 当前模型训练指标： | macro_f1=0.9562308594924265 | encoder_macro_f1=0.9709154883540718 | mortality_auroc=0.8484669929243582 | next_mv_auroc=0.9684646706192623 | remaining_los_mae_hours=2.9549930095672607"}
{"ts": "2026-06-05T18:03:32+08:00", "message": "stream_metrics: 当前模型训练指标： | macro_f1=0.9562308594924265 | encoder_macro_f1=0.9709154883540718 | mortality_auroc=0.8484669929243582 | next_mv_auroc=0.9684646706192623 | remaining_los_mae_hours=2.9549930095672607"}
{"ts": "2026-06-05T18:03:32+08:00", "message": "stream_metrics: 当前模型训练指标： | macro_f1=0.9562308594924265 | encoder_macro_f1=0.9709154883540718 | mortality_auroc=0.8484669929243582 | next_mv_auroc=0.9684646706192623 | remaining_los_mae_hours=2.9549930095672607"}
{"ts": "2026-06-05T18:03:32+08:00", "message": "sync_config: 已保存客户端训练终端配置。"}
{"ts": "2026-06-05T18:03:32+08:00", "message": "stream_metrics: 当前模型训练指标： | macro_f1=0.9562308594924265 | encoder_macro_f1=0.9709154883540718 | mortality_auroc=0.8484669929243582 | next_mv_auroc=0.9684646706192623 | remaining_los_mae_hours=2.9549930095672607"}
{"ts": "2026-06-05T18:04:12+08:00", "message": "continue_training: 已基于 2 条新 ICU 时序事件完成实际 adapter 增量训练。 | model_revision=incremental-20260605T100412Z-2 | adapter_loss=0.679435 optimizer_steps=16 | total_train_patients=347636 macro_f1=0.960231 | adapter=managed-runtime/models/incremental_icu_adapter.json | report=managed-runtime/reports/incremental_training/incremental-20260605T100412Z-2.json"}
{"ts": "2026-06-05T18:04:12+08:00", "message": "stream_metrics: 当前模型训练指标： | macro_f1=0.9562308594924265 | encoder_macro_f1=0.9709154883540718 | mortality_auroc=0.8484669929243582 | next_mv_auroc=0.9684646706192623 | remaining_los_mae_hours=2.9549930095672607"}
{"ts": "2026-06-05T18:04:12+08:00", "message": "stream_metrics: 当前模型训练指标： | macro_f1=0.9562308594924265 | encoder_macro_f1=0.9709154883540718 | mortality_auroc=0.8484669929243582 | next_mv_auroc=0.9684646706192623 | remaining_los_mae_hours=2.9549930095672607"}
{"ts": "2026-06-05T18:04:12+08:00", "message": "stream_metrics: 当前模型训练指标： | macro_f1=0.9562308594924265 | encoder_macro_f1=0.9709154883540718 | mortality_auroc=0.8484669929243582 | next_mv_auroc=0.9684646706192623 | remaining_los_mae_hours=2.9549930095672607"}
{"ts": "2026-06-05T18:04:12+08:00", "message": "sync_config: 已保存客户端训练终端配置。"}
{"ts": "2026-06-05T18:04:12+08:00", "message": "stream_metrics: 当前模型训练指标： | macro_f1=0.9562308594924265 | encoder_macro_f1=0.9709154883540718 | mortality_auroc=0.8484669929243582 | next_mv_auroc=0.9684646706192623 | remaining_los_mae_hours=2.9549930095672607"}
{"ts": "2026-06-05T18:04:56+08:00", "message": "continue_training: 已基于 2 条新 ICU 时序事件完成实际 adapter 增量训练。 | model_revision=incremental-20260605T100456Z-2 | adapter_loss=0.679435 optimizer_steps=16 | total_train_patients=347636 macro_f1=0.960231 | adapter=managed-runtime/models/incremental_icu_adapter.json | report=managed-runtime/reports/incremental_training/incremental-20260605T100456Z-2.json"}
{"ts": "2026-06-05T18:04:56+08:00", "message": "stream_metrics: 当前模型训练指标： | macro_f1=0.9562308594924265 | encoder_macro_f1=0.9709154883540718 | mortality_auroc=0.8484669929243582 | next_mv_auroc=0.9684646706192623 | remaining_los_mae_hours=2.9549930095672607"}
{"ts": "2026-06-05T18:04:56+08:00", "message": "stream_metrics: 当前模型训练指标： | macro_f1=0.9562308594924265 | encoder_macro_f1=0.9709154883540718 | mortality_auroc=0.8484669929243582 | next_mv_auroc=0.9684646706192623 | remaining_los_mae_hours=2.9549930095672607"}
{"ts": "2026-06-05T18:04:56+08:00", "message": "stream_metrics: 当前模型训练指标： | macro_f1=0.9562308594924265 | encoder_macro_f1=0.9709154883540718 | mortality_auroc=0.8484669929243582 | next_mv_auroc=0.9684646706192623 | remaining_los_mae_hours=2.9549930095672607"}
{"ts": "2026-06-05T18:04:56+08:00", "message": "sync_config: 已保存客户端训练终端配置。"}
{"ts": "2026-06-05T18:04:56+08:00", "message": "stream_metrics: 当前模型训练指标： | macro_f1=0.9562308594924265 | encoder_macro_f1=0.9709154883540718 | mortality_auroc=0.8484669929243582 | next_mv_auroc=0.9684646706192623 | remaining_los_mae_hours=2.9549930095672607"}
{"ts": "2026-06-05T18:06:34+08:00", "message": "continue_training: 已基于 2 条新 ICU 时序事件完成实际 adapter 增量训练。 | model_revision=incremental-20260605T100634Z-2 | adapter_loss=0.679435 optimizer_steps=16 | total_train_patients=347636 macro_f1=0.960231 | adapter=managed-runtime/models/incremental_icu_adapter.json | report=managed-runtime/reports/incremental_training/incremental-20260605T100634Z-2.json"}
{"ts": "2026-06-05T18:06:34+08:00", "message": "stream_metrics: 当前模型训练指标： | macro_f1=0.9562308594924265 | encoder_macro_f1=0.9709154883540718 | mortality_auroc=0.8484669929243582 | next_mv_auroc=0.9684646706192623 | remaining_los_mae_hours=2.9549930095672607"}
{"ts": "2026-06-05T18:06:35+08:00", "message": "stream_metrics: 当前模型训练指标： | macro_f1=0.9562308594924265 | encoder_macro_f1=0.9709154883540718 | mortality_auroc=0.8484669929243582 | next_mv_auroc=0.9684646706192623 | remaining_los_mae_hours=2.9549930095672607"}
{"ts": "2026-06-05T18:06:35+08:00", "message": "stream_metrics: 当前模型训练指标： | macro_f1=0.9562308594924265 | encoder_macro_f1=0.9709154883540718 | mortality_auroc=0.8484669929243582 | next_mv_auroc=0.9684646706192623 | remaining_los_mae_hours=2.9549930095672607"}
{"ts": "2026-06-05T18:06:35+08:00", "message": "sync_config: 已保存客户端训练终端配置。"}
{"ts": "2026-06-05T18:06:35+08:00", "message": "stream_metrics: 当前模型训练指标： | macro_f1=0.9562308594924265 | encoder_macro_f1=0.9709154883540718 | mortality_auroc=0.8484669929243582 | next_mv_auroc=0.9684646706192623 | remaining_los_mae_hours=2.9549930095672607"}
{"ts": "2026-06-05T18:11:47+08:00", "message": "continue_training: 已基于 2 条新 ICU 时序事件完成实际 adapter 增量训练。 | model_revision=incremental-20260605T101147Z-2 | adapter_loss=0.679435 optimizer_steps=16 | total_train_patients=347636 macro_f1=0.960231 | adapter=managed-runtime/models/incremental_icu_adapter.json | report=managed-runtime/reports/incremental_training/incremental-20260605T101147Z-2.json"}
{"ts": "2026-06-05T18:11:47+08:00", "message": "stream_metrics: 当前模型训练指标： | macro_f1=0.9562308594924265 | encoder_macro_f1=0.9709154883540718 | mortality_auroc=0.8484669929243582 | next_mv_auroc=0.9684646706192623 | remaining_los_mae_hours=2.9549930095672607"}
{"ts": "2026-06-05T18:11:47+08:00", "message": "stream_metrics: 当前模型训练指标： | macro_f1=0.9562308594924265 | encoder_macro_f1=0.9709154883540718 | mortality_auroc=0.8484669929243582 | next_mv_auroc=0.9684646706192623 | remaining_los_mae_hours=2.9549930095672607"}
{"ts": "2026-06-05T18:11:47+08:00", "message": "stream_metrics: 当前模型训练指标： | macro_f1=0.9562308594924265 | encoder_macro_f1=0.9709154883540718 | mortality_auroc=0.8484669929243582 | next_mv_auroc=0.9684646706192623 | remaining_los_mae_hours=2.9549930095672607"}
{"ts": "2026-06-05T18:11:47+08:00", "message": "sync_config: 已保存客户端训练终端配置。"}
{"ts": "2026-06-05T18:11:47+08:00", "message": "stream_metrics: 当前模型训练指标： | macro_f1=0.9562308594924265 | encoder_macro_f1=0.9709154883540718 | mortality_auroc=0.8484669929243582 | next_mv_auroc=0.9684646706192623 | remaining_los_mae_hours=2.9549930095672607"}
{"ts": "2026-06-06T15:28:20+08:00", "message": "continue_training: 已基于 2 条新 ICU 时序事件完成实际 adapter 增量训练。 | model_revision=incremental-20260606T072820Z-2 | adapter_loss=0.679435 optimizer_steps=16 | total_train_patients=347636 macro_f1=0.960231 | adapter=managed-runtime/models/incremental_icu_adapter.json | report=managed-runtime/reports/incremental_training/incremental-20260606T072820Z-2.json"}
{"ts": "2026-06-06T15:28:20+08:00", "message": "stream_metrics: 当前模型训练指标： | macro_f1=0.9562308594924265 | encoder_macro_f1=0.9709154883540718 | mortality_auroc=0.8484669929243582 | next_mv_auroc=0.9684646706192623 | remaining_los_mae_hours=2.9549930095672607"}
{"ts": "2026-06-06T15:28:20+08:00", "message": "stream_metrics: 当前模型训练指标： | macro_f1=0.9562308594924265 | encoder_macro_f1=0.9709154883540718 | mortality_auroc=0.8484669929243582 | next_mv_auroc=0.9684646706192623 | remaining_los_mae_hours=2.9549930095672607"}
{"ts": "2026-06-06T15:28:20+08:00", "message": "stream_metrics: 当前模型训练指标： | macro_f1=0.9562308594924265 | encoder_macro_f1=0.9709154883540718 | mortality_auroc=0.8484669929243582 | next_mv_auroc=0.9684646706192623 | remaining_los_mae_hours=2.9549930095672607"}
{"ts": "2026-06-06T15:28:20+08:00", "message": "sync_config: 已保存客户端训练终端配置。"}
{"ts": "2026-06-06T15:28:20+08:00", "message": "stream_metrics: 当前模型训练指标： | macro_f1=0.9562308594924265 | encoder_macro_f1=0.9709154883540718 | mortality_auroc=0.8484669929243582 | next_mv_auroc=0.9684646706192623 | remaining_los_mae_hours=2.9549930095672607"}
{"ts": "2026-06-06T15:41:38+08:00", "message": "continue_training: 已基于 2 条新 ICU 时序事件完成实际 adapter 增量训练。 | model_revision=incremental-20260606T074138Z-2 | adapter_loss=0.679435 optimizer_steps=16 | total_train_patients=347636 macro_f1=0.960231 | adapter=managed-runtime/models/incremental_icu_adapter.json | report=managed-runtime/reports/incremental_training/incremental-20260606T074138Z-2.json"}
{"ts": "2026-06-06T15:41:38+08:00", "message": "stream_metrics: 当前模型训练指标： | macro_f1=0.9562308594924265 | encoder_macro_f1=0.9709154883540718 | mortality_auroc=0.8484669929243582 | next_mv_auroc=0.9684646706192623 | remaining_los_mae_hours=2.9549930095672607"}
{"ts": "2026-06-06T15:41:38+08:00", "message": "stream_metrics: 当前模型训练指标： | macro_f1=0.9562308594924265 | encoder_macro_f1=0.9709154883540718 | mortality_auroc=0.8484669929243582 | next_mv_auroc=0.9684646706192623 | remaining_los_mae_hours=2.9549930095672607"}
{"ts": "2026-06-06T15:41:38+08:00", "message": "stream_metrics: 当前模型训练指标： | macro_f1=0.9562308594924265 | encoder_macro_f1=0.9709154883540718 | mortality_auroc=0.8484669929243582 | next_mv_auroc=0.9684646706192623 | remaining_los_mae_hours=2.9549930095672607"}
{"ts": "2026-06-06T15:41:38+08:00", "message": "sync_config: 已保存客户端训练终端配置。"}
{"ts": "2026-06-06T15:41:38+08:00", "message": "stream_metrics: 当前模型训练指标： | macro_f1=0.9562308594924265 | encoder_macro_f1=0.9709154883540718 | mortality_auroc=0.8484669929243582 | next_mv_auroc=0.9684646706192623 | remaining_los_mae_hours=2.9549930095672607"}
{"ts": "2026-06-06T15:42:29+08:00", "message": "continue_training: 已基于 2 条新 ICU 时序事件完成实际 adapter 增量训练。 | model_revision=incremental-20260606T074229Z-2 | adapter_loss=0.679435 optimizer_steps=16 | total_train_patients=347636 macro_f1=0.960231 | adapter=managed-runtime/models/incremental_icu_adapter.json | report=managed-runtime/reports/incremental_training/incremental-20260606T074229Z-2.json"}
{"ts": "2026-06-06T15:42:29+08:00", "message": "stream_metrics: 当前模型训练指标： | macro_f1=0.9562308594924265 | encoder_macro_f1=0.9709154883540718 | mortality_auroc=0.8484669929243582 | next_mv_auroc=0.9684646706192623 | remaining_los_mae_hours=2.9549930095672607"}
{"ts": "2026-06-06T15:42:29+08:00", "message": "stream_metrics: 当前模型训练指标： | macro_f1=0.9562308594924265 | encoder_macro_f1=0.9709154883540718 | mortality_auroc=0.8484669929243582 | next_mv_auroc=0.9684646706192623 | remaining_los_mae_hours=2.9549930095672607"}
{"ts": "2026-06-06T15:42:29+08:00", "message": "stream_metrics: 当前模型训练指标： | macro_f1=0.9562308594924265 | encoder_macro_f1=0.9709154883540718 | mortality_auroc=0.8484669929243582 | next_mv_auroc=0.9684646706192623 | remaining_los_mae_hours=2.9549930095672607"}
{"ts": "2026-06-06T15:42:29+08:00", "message": "sync_config: 已保存客户端训练终端配置。"}
{"ts": "2026-06-06T15:42:29+08:00", "message": "stream_metrics: 当前模型训练指标： | macro_f1=0.9562308594924265 | encoder_macro_f1=0.9709154883540718 | mortality_auroc=0.8484669929243582 | next_mv_auroc=0.9684646706192623 | remaining_los_mae_hours=2.9549930095672607"}
{"ts": "2026-06-06T15:46:00+08:00", "message": "continue_training: 已基于 2 条新 ICU 时序事件完成实际 adapter 增量训练。 | model_revision=incremental-20260606T074600Z-2 | adapter_loss=0.679435 optimizer_steps=16 | total_train_patients=347636 macro_f1=0.960231 | adapter=managed-runtime/models/incremental_icu_adapter.json | report=managed-runtime/reports/incremental_training/incremental-20260606T074600Z-2.json"}
{"ts": "2026-06-06T15:46:00+08:00", "message": "stream_metrics: 当前模型训练指标： | macro_f1=0.9562308594924265 | encoder_macro_f1=0.9709154883540718 | mortality_auroc=0.8484669929243582 | next_mv_auroc=0.9684646706192623 | remaining_los_mae_hours=2.9549930095672607"}
{"ts": "2026-06-06T15:46:00+08:00", "message": "stream_metrics: 当前模型训练指标： | macro_f1=0.9562308594924265 | encoder_macro_f1=0.9709154883540718 | mortality_auroc=0.8484669929243582 | next_mv_auroc=0.9684646706192623 | remaining_los_mae_hours=2.9549930095672607"}
{"ts": "2026-06-06T15:46:00+08:00", "message": "stream_metrics: 当前模型训练指标： | macro_f1=0.9562308594924265 | encoder_macro_f1=0.9709154883540718 | mortality_auroc=0.8484669929243582 | next_mv_auroc=0.9684646706192623 | remaining_los_mae_hours=2.9549930095672607"}
{"ts": "2026-06-06T15:46:00+08:00", "message": "sync_config: 已保存客户端训练终端配置。"}
{"ts": "2026-06-06T15:46:00+08:00", "message": "stream_metrics: 当前模型训练指标： | macro_f1=0.9562308594924265 | encoder_macro_f1=0.9709154883540718 | mortality_auroc=0.8484669929243582 | next_mv_auroc=0.9684646706192623 | remaining_los_mae_hours=2.9549930095672607"}
{"ts": "2026-06-06T16:29:40+08:00", "message": "continue_training: 已基于 2 条新 ICU 时序事件完成实际 adapter 增量训练。 | model_revision=incremental-20260606T082940Z-2 | adapter_loss=0.679435 optimizer_steps=16 | total_train_patients=347636 macro_f1=0.960231 | adapter=managed-runtime/models/incremental_icu_adapter.json | report=managed-runtime/reports/incremental_training/incremental-20260606T082940Z-2.json"}
{"ts": "2026-06-06T16:29:40+08:00", "message": "stream_metrics: 当前模型训练指标： | macro_f1=0.9562308594924265 | encoder_macro_f1=0.9709154883540718 | mortality_auroc=0.8484669929243582 | next_mv_auroc=0.9684646706192623 | remaining_los_mae_hours=2.9549930095672607"}
{"ts": "2026-06-06T16:29:41+08:00", "message": "stream_metrics: 当前模型训练指标： | macro_f1=0.9562308594924265 | encoder_macro_f1=0.9709154883540718 | mortality_auroc=0.8484669929243582 | next_mv_auroc=0.9684646706192623 | remaining_los_mae_hours=2.9549930095672607"}
{"ts": "2026-06-06T16:29:41+08:00", "message": "stream_metrics: 当前模型训练指标： | macro_f1=0.9562308594924265 | encoder_macro_f1=0.9709154883540718 | mortality_auroc=0.8484669929243582 | next_mv_auroc=0.9684646706192623 | remaining_los_mae_hours=2.9549930095672607"}
{"ts": "2026-06-06T16:29:41+08:00", "message": "sync_config: 已保存客户端训练终端配置。"}
{"ts": "2026-06-06T16:29:41+08:00", "message": "stream_metrics: 当前模型训练指标： | macro_f1=0.9562308594924265 | encoder_macro_f1=0.9709154883540718 | mortality_auroc=0.8484669929243582 | next_mv_auroc=0.9684646706192623 | remaining_los_mae_hours=2.9549930095672607"}
{"ts": "2026-06-06T16:35:23+08:00", "message": "continue_training: 已基于 2 条新 ICU 时序事件完成实际 adapter 增量训练。 | model_revision=incremental-20260606T083523Z-2 | adapter_loss=0.679435 optimizer_steps=16 | total_train_patients=347636 macro_f1=0.960231 | adapter=managed-runtime/models/incremental_icu_adapter.json | report=managed-runtime/reports/incremental_training/incremental-20260606T083523Z-2.json"}
{"ts": "2026-06-06T16:35:23+08:00", "message": "stream_metrics: 当前模型训练指标： | macro_f1=0.9562308594924265 | encoder_macro_f1=0.9709154883540718 | mortality_auroc=0.8484669929243582 | next_mv_auroc=0.9684646706192623 | remaining_los_mae_hours=2.9549930095672607"}
{"ts": "2026-06-06T16:35:24+08:00", "message": "stream_metrics: 当前模型训练指标： | macro_f1=0.9562308594924265 | encoder_macro_f1=0.9709154883540718 | mortality_auroc=0.8484669929243582 | next_mv_auroc=0.9684646706192623 | remaining_los_mae_hours=2.9549930095672607"}
{"ts": "2026-06-06T16:35:24+08:00", "message": "stream_metrics: 当前模型训练指标： | macro_f1=0.9562308594924265 | encoder_macro_f1=0.9709154883540718 | mortality_auroc=0.8484669929243582 | next_mv_auroc=0.9684646706192623 | remaining_los_mae_hours=2.9549930095672607"}
{"ts": "2026-06-06T16:35:24+08:00", "message": "sync_config: 已保存客户端训练终端配置。"}
{"ts": "2026-06-06T16:35:24+08:00", "message": "stream_metrics: 当前模型训练指标： | macro_f1=0.9562308594924265 | encoder_macro_f1=0.9709154883540718 | mortality_auroc=0.8484669929243582 | next_mv_auroc=0.9684646706192623 | remaining_los_mae_hours=2.9549930095672607"}
{"ts": "2026-06-06T16:45:09+08:00", "message": "continue_training: 已基于 2 条新 ICU 时序事件完成实际 adapter 增量训练。 | model_revision=incremental-20260606T084509Z-2 | adapter_loss=0.679435 optimizer_steps=16 | total_train_patients=347636 macro_f1=0.960231 | adapter=managed-runtime/models/incremental_icu_adapter.json | report=managed-runtime/reports/incremental_training/incremental-20260606T084509Z-2.json"}
{"ts": "2026-06-06T16:45:09+08:00", "message": "stream_metrics: 当前模型训练指标： | macro_f1=0.9562308594924265 | encoder_macro_f1=0.9709154883540718 | mortality_auroc=0.8484669929243582 | next_mv_auroc=0.9684646706192623 | remaining_los_mae_hours=2.9549930095672607"}
{"ts": "2026-06-06T16:45:10+08:00", "message": "stream_metrics: 当前模型训练指标： | macro_f1=0.9562308594924265 | encoder_macro_f1=0.9709154883540718 | mortality_auroc=0.8484669929243582 | next_mv_auroc=0.9684646706192623 | remaining_los_mae_hours=2.9549930095672607"}
{"ts": "2026-06-06T16:45:10+08:00", "message": "stream_metrics: 当前模型训练指标： | macro_f1=0.9562308594924265 | encoder_macro_f1=0.9709154883540718 | mortality_auroc=0.8484669929243582 | next_mv_auroc=0.9684646706192623 | remaining_los_mae_hours=2.9549930095672607"}
{"ts": "2026-06-06T16:45:10+08:00", "message": "sync_config: 已保存客户端训练终端配置。"}
{"ts": "2026-06-06T16:45:10+08:00", "message": "stream_metrics: 当前模型训练指标： | macro_f1=0.9562308594924265 | encoder_macro_f1=0.9709154883540718 | mortality_auroc=0.8484669929243582 | next_mv_auroc=0.9684646706192623 | remaining_los_mae_hours=2.9549930095672607"}
{"ts": "2026-06-06T18:44:00+08:00", "message": "continue_training: 已基于 2 条新 ICU 时序事件完成实际 adapter 增量训练。 | model_revision=incremental-20260606T104400Z-2 | adapter_loss=0.679435 optimizer_steps=16 | total_train_patients=347636 macro_f1=0.960231 | adapter=managed-runtime/models/incremental_icu_adapter.json | report=managed-runtime/reports/incremental_training/incremental-20260606T104400Z-2.json"}
{"ts": "2026-06-06T18:44:00+08:00", "message": "stream_metrics: 当前模型训练指标： | macro_f1=0.9562308594924265 | encoder_macro_f1=0.9709154883540718 | mortality_auroc=0.8484669929243582 | next_mv_auroc=0.9684646706192623 | remaining_los_mae_hours=2.9549930095672607"}
{"ts": "2026-06-06T18:44:00+08:00", "message": "stream_metrics: 当前模型训练指标： | macro_f1=0.9562308594924265 | encoder_macro_f1=0.9709154883540718 | mortality_auroc=0.8484669929243582 | next_mv_auroc=0.9684646706192623 | remaining_los_mae_hours=2.9549930095672607"}
{"ts": "2026-06-06T18:44:00+08:00", "message": "stream_metrics: 当前模型训练指标： | macro_f1=0.9562308594924265 | encoder_macro_f1=0.9709154883540718 | mortality_auroc=0.8484669929243582 | next_mv_auroc=0.9684646706192623 | remaining_los_mae_hours=2.9549930095672607"}
{"ts": "2026-06-06T18:44:00+08:00", "message": "sync_config: 已保存客户端训练终端配置。"}
{"ts": "2026-06-06T18:44:00+08:00", "message": "stream_metrics: 当前模型训练指标： | macro_f1=0.9562308594924265 | encoder_macro_f1=0.9709154883540718 | mortality_auroc=0.8484669929243582 | next_mv_auroc=0.9684646706192623 | remaining_los_mae_hours=2.9549930095672607"}
{"ts": "2026-06-06T18:57:57+08:00", "message": "continue_training: 已基于 2 条新 ICU 时序事件完成实际 adapter 增量训练。 | model_revision=incremental-20260606T105757Z-2 | adapter_loss=0.679435 optimizer_steps=16 | total_train_patients=347636 macro_f1=0.960231 | adapter=managed-runtime/models/incremental_icu_adapter.json | report=managed-runtime/reports/incremental_training/incremental-20260606T105757Z-2.json"}
{"ts": "2026-06-06T18:57:57+08:00", "message": "stream_metrics: 当前模型训练指标： | macro_f1=0.9562308594924265 | encoder_macro_f1=0.9709154883540718 | mortality_auroc=0.8484669929243582 | next_mv_auroc=0.9684646706192623 | remaining_los_mae_hours=2.9549930095672607"}
{"ts": "2026-06-06T18:57:58+08:00", "message": "stream_metrics: 当前模型训练指标： | macro_f1=0.9562308594924265 | encoder_macro_f1=0.9709154883540718 | mortality_auroc=0.8484669929243582 | next_mv_auroc=0.9684646706192623 | remaining_los_mae_hours=2.9549930095672607"}
{"ts": "2026-06-06T18:57:58+08:00", "message": "stream_metrics: 当前模型训练指标： | macro_f1=0.9562308594924265 | encoder_macro_f1=0.9709154883540718 | mortality_auroc=0.8484669929243582 | next_mv_auroc=0.9684646706192623 | remaining_los_mae_hours=2.9549930095672607"}
{"ts": "2026-06-06T18:57:58+08:00", "message": "sync_config: 已保存客户端训练终端配置。"}
{"ts": "2026-06-06T18:57:58+08:00", "message": "stream_metrics: 当前模型训练指标： | macro_f1=0.9562308594924265 | encoder_macro_f1=0.9709154883540718 | mortality_auroc=0.8484669929243582 | next_mv_auroc=0.9684646706192623 | remaining_los_mae_hours=2.9549930095672607"}
{"ts": "2026-06-06T19:07:18+08:00", "message": "continue_training: 已基于 2 条新 ICU 时序事件完成实际 adapter 增量训练。 | model_revision=incremental-20260606T110718Z-2 | adapter_loss=0.679435 optimizer_steps=16 | total_train_patients=347636 macro_f1=0.960231 | adapter=managed-runtime/models/incremental_icu_adapter.json | report=managed-runtime/reports/incremental_training/incremental-20260606T110718Z-2.json"}
{"ts": "2026-06-06T19:07:18+08:00", "message": "stream_metrics: 当前模型训练指标： | macro_f1=0.9562308594924265 | encoder_macro_f1=0.9709154883540718 | mortality_auroc=0.8484669929243582 | next_mv_auroc=0.9684646706192623 | remaining_los_mae_hours=2.9549930095672607"}
{"ts": "2026-06-06T19:07:18+08:00", "message": "stream_metrics: 当前模型训练指标： | macro_f1=0.9562308594924265 | encoder_macro_f1=0.9709154883540718 | mortality_auroc=0.8484669929243582 | next_mv_auroc=0.9684646706192623 | remaining_los_mae_hours=2.9549930095672607"}
{"ts": "2026-06-06T19:07:18+08:00", "message": "stream_metrics: 当前模型训练指标： | macro_f1=0.9562308594924265 | encoder_macro_f1=0.9709154883540718 | mortality_auroc=0.8484669929243582 | next_mv_auroc=0.9684646706192623 | remaining_los_mae_hours=2.9549930095672607"}
{"ts": "2026-06-06T19:07:18+08:00", "message": "sync_config: 已保存客户端训练终端配置。"}
{"ts": "2026-06-06T19:07:18+08:00", "message": "stream_metrics: 当前模型训练指标： | macro_f1=0.9562308594924265 | encoder_macro_f1=0.9709154883540718 | mortality_auroc=0.8484669929243582 | next_mv_auroc=0.9684646706192623 | remaining_los_mae_hours=2.9549930095672607"}
{"ts": "2026-06-06T21:22:09+08:00", "message": "continue_training: 已基于 2 条新 ICU 时序事件完成实际 adapter 增量训练。 | model_revision=incremental-20260606T132209Z-2 | adapter_loss=0.679435 optimizer_steps=16 | total_train_patients=347636 macro_f1=0.960231 | adapter=managed-runtime/models/incremental_icu_adapter.json | report=managed-runtime/reports/incremental_training/incremental-20260606T132209Z-2.json"}
{"ts": "2026-06-06T21:22:09+08:00", "message": "stream_metrics: 当前模型训练指标： | macro_f1=0.9562308594924265 | encoder_macro_f1=0.9709154883540718 | mortality_auroc=0.8484669929243582 | next_mv_auroc=0.9684646706192623 | remaining_los_mae_hours=2.9549930095672607"}
{"ts": "2026-06-06T21:22:09+08:00", "message": "stream_metrics: 当前模型训练指标： | macro_f1=0.9562308594924265 | encoder_macro_f1=0.9709154883540718 | mortality_auroc=0.8484669929243582 | next_mv_auroc=0.9684646706192623 | remaining_los_mae_hours=2.9549930095672607"}
{"ts": "2026-06-06T21:22:09+08:00", "message": "stream_metrics: 当前模型训练指标： | macro_f1=0.9562308594924265 | encoder_macro_f1=0.9709154883540718 | mortality_auroc=0.8484669929243582 | next_mv_auroc=0.9684646706192623 | remaining_los_mae_hours=2.9549930095672607"}
{"ts": "2026-06-06T21:22:09+08:00", "message": "sync_config: 已保存客户端训练终端配置。"}
{"ts": "2026-06-06T21:22:09+08:00", "message": "stream_metrics: 当前模型训练指标： | macro_f1=0.9562308594924265 | encoder_macro_f1=0.9709154883540718 | mortality_auroc=0.8484669929243582 | next_mv_auroc=0.9684646706192623 | remaining_los_mae_hours=2.9549930095672607"}
{"ts": "2026-06-07T18:37:06+08:00", "message": "continue_training: 已基于 2 条新 ICU 时序事件完成实际 adapter 增量训练。 | model_revision=incremental-20260607T103706Z-2 | adapter_loss=0.679435 optimizer_steps=16 | total_train_patients=347636 macro_f1=0.960231 | adapter=managed-runtime/models/incremental_icu_adapter.json | report=managed-runtime/reports/incremental_training/incremental-20260607T103706Z-2.json"}
{"ts": "2026-06-07T18:37:06+08:00", "message": "stream_metrics: 当前模型训练指标： | macro_f1=0.9562308594924265 | encoder_macro_f1=0.9709154883540718 | mortality_auroc=0.8484669929243582 | next_mv_auroc=0.9684646706192623 | remaining_los_mae_hours=2.9549930095672607"}
{"ts": "2026-06-07T18:37:07+08:00", "message": "stream_metrics: 当前模型训练指标： | macro_f1=0.9562308594924265 | encoder_macro_f1=0.9709154883540718 | mortality_auroc=0.8484669929243582 | next_mv_auroc=0.9684646706192623 | remaining_los_mae_hours=2.9549930095672607"}
{"ts": "2026-06-07T18:37:07+08:00", "message": "stream_metrics: 当前模型训练指标： | macro_f1=0.9562308594924265 | encoder_macro_f1=0.9709154883540718 | mortality_auroc=0.8484669929243582 | next_mv_auroc=0.9684646706192623 | remaining_los_mae_hours=2.9549930095672607"}
{"ts": "2026-06-07T18:37:07+08:00", "message": "sync_config: 已保存客户端训练终端配置。"}
{"ts": "2026-06-07T18:37:07+08:00", "message": "stream_metrics: 当前模型训练指标： | macro_f1=0.9562308594924265 | encoder_macro_f1=0.9709154883540718 | mortality_auroc=0.8484669929243582 | next_mv_auroc=0.9684646706192623 | remaining_los_mae_hours=2.9549930095672607"}
{"ts": "2026-06-07T18:42:20+08:00", "message": "continue_training: 已基于 2 条新 ICU 时序事件完成实际 adapter 增量训练。 | model_revision=incremental-20260607T104220Z-2 | adapter_loss=0.679435 optimizer_steps=16 | total_train_patients=347636 macro_f1=0.960231 | adapter=managed-runtime/models/incremental_icu_adapter.json | report=managed-runtime/reports/incremental_training/incremental-20260607T104220Z-2.json"}
{"ts": "2026-06-07T18:42:20+08:00", "message": "stream_metrics: 当前模型训练指标： | macro_f1=0.9562308594924265 | encoder_macro_f1=0.9709154883540718 | mortality_auroc=0.8484669929243582 | next_mv_auroc=0.9684646706192623 | remaining_los_mae_hours=2.9549930095672607"}
{"ts": "2026-06-07T18:42:20+08:00", "message": "stream_metrics: 当前模型训练指标： | macro_f1=0.9562308594924265 | encoder_macro_f1=0.9709154883540718 | mortality_auroc=0.8484669929243582 | next_mv_auroc=0.9684646706192623 | remaining_los_mae_hours=2.9549930095672607"}
{"ts": "2026-06-07T18:42:20+08:00", "message": "stream_metrics: 当前模型训练指标： | macro_f1=0.9562308594924265 | encoder_macro_f1=0.9709154883540718 | mortality_auroc=0.8484669929243582 | next_mv_auroc=0.9684646706192623 | remaining_los_mae_hours=2.9549930095672607"}
{"ts": "2026-06-07T18:42:20+08:00", "message": "sync_config: 已保存客户端训练终端配置。"}
{"ts": "2026-06-07T18:42:20+08:00", "message": "stream_metrics: 当前模型训练指标： | macro_f1=0.9562308594924265 | encoder_macro_f1=0.9709154883540718 | mortality_auroc=0.8484669929243582 | next_mv_auroc=0.9684646706192623 | remaining_los_mae_hours=2.9549930095672607"}
{"ts": "2026-06-07T18:45:15+08:00", "message": "continue_training: 已基于 2 条新 ICU 时序事件完成实际 adapter 增量训练。 | model_revision=incremental-20260607T104515Z-2 | adapter_loss=0.679435 optimizer_steps=16 | total_train_patients=347636 macro_f1=0.960231 | adapter=managed-runtime/models/incremental_icu_adapter.json | report=managed-runtime/reports/incremental_training/incremental-20260607T104515Z-2.json"}
{"ts": "2026-06-07T18:45:15+08:00", "message": "stream_metrics: 当前模型训练指标： | macro_f1=0.9562308594924265 | encoder_macro_f1=0.9709154883540718 | mortality_auroc=0.8484669929243582 | next_mv_auroc=0.9684646706192623 | remaining_los_mae_hours=2.9549930095672607"}
{"ts": "2026-06-07T18:45:15+08:00", "message": "stream_metrics: 当前模型训练指标： | macro_f1=0.9562308594924265 | encoder_macro_f1=0.9709154883540718 | mortality_auroc=0.8484669929243582 | next_mv_auroc=0.9684646706192623 | remaining_los_mae_hours=2.9549930095672607"}
{"ts": "2026-06-07T18:45:15+08:00", "message": "stream_metrics: 当前模型训练指标： | macro_f1=0.9562308594924265 | encoder_macro_f1=0.9709154883540718 | mortality_auroc=0.8484669929243582 | next_mv_auroc=0.9684646706192623 | remaining_los_mae_hours=2.9549930095672607"}
{"ts": "2026-06-07T18:45:15+08:00", "message": "sync_config: 已保存客户端训练终端配置。"}
{"ts": "2026-06-07T18:45:15+08:00", "message": "stream_metrics: 当前模型训练指标： | macro_f1=0.9562308594924265 | encoder_macro_f1=0.9709154883540718 | mortality_auroc=0.8484669929243582 | next_mv_auroc=0.9684646706192623 | remaining_los_mae_hours=2.9549930095672607"}
{"ts": "2026-06-07T19:14:28+08:00", "message": "continue_training: 已基于 2 条新 ICU 时序事件完成实际 adapter 增量训练。 | model_revision=incremental-20260607T111428Z-2 | adapter_loss=0.679435 optimizer_steps=16 | total_train_patients=347636 macro_f1=0.960231 | adapter=managed-runtime/models/incremental_icu_adapter.json | report=managed-runtime/reports/incremental_training/incremental-20260607T111428Z-2.json"}
{"ts": "2026-06-07T19:14:28+08:00", "message": "stream_metrics: 当前模型训练指标： | macro_f1=0.9562308594924265 | encoder_macro_f1=0.9709154883540718 | mortality_auroc=0.8484669929243582 | next_mv_auroc=0.9684646706192623 | remaining_los_mae_hours=2.9549930095672607"}
{"ts": "2026-06-07T19:14:28+08:00", "message": "stream_metrics: 当前模型训练指标： | macro_f1=0.9562308594924265 | encoder_macro_f1=0.9709154883540718 | mortality_auroc=0.8484669929243582 | next_mv_auroc=0.9684646706192623 | remaining_los_mae_hours=2.9549930095672607"}
{"ts": "2026-06-07T19:14:28+08:00", "message": "stream_metrics: 当前模型训练指标： | macro_f1=0.9562308594924265 | encoder_macro_f1=0.9709154883540718 | mortality_auroc=0.8484669929243582 | next_mv_auroc=0.9684646706192623 | remaining_los_mae_hours=2.9549930095672607"}
{"ts": "2026-06-07T19:14:28+08:00", "message": "sync_config: 已保存客户端训练终端配置。"}
{"ts": "2026-06-07T19:14:28+08:00", "message": "stream_metrics: 当前模型训练指标： | macro_f1=0.9562308594924265 | encoder_macro_f1=0.9709154883540718 | mortality_auroc=0.8484669929243582 | next_mv_auroc=0.9684646706192623 | remaining_los_mae_hours=2.9549930095672607"}
{"ts": "2026-06-07T20:13:02+08:00", "message": "continue_training: 已基于 2 条新 ICU 时序事件完成实际 adapter 增量训练。 | model_revision=incremental-20260607T121302Z-2 | adapter_loss=0.679435 optimizer_steps=16 | total_train_patients=347636 macro_f1=0.960231 | adapter=managed-runtime/models/incremental_icu_adapter.json | report=managed-runtime/reports/incremental_training/incremental-20260607T121302Z-2.json"}
{"ts": "2026-06-07T20:13:02+08:00", "message": "stream_metrics: 当前模型训练指标： | macro_f1=0.9562308594924265 | encoder_macro_f1=0.9709154883540718 | mortality_auroc=0.8484669929243582 | next_mv_auroc=0.9684646706192623 | remaining_los_mae_hours=2.9549930095672607"}
{"ts": "2026-06-07T20:13:02+08:00", "message": "stream_metrics: 当前模型训练指标： | macro_f1=0.9562308594924265 | encoder_macro_f1=0.9709154883540718 | mortality_auroc=0.8484669929243582 | next_mv_auroc=0.9684646706192623 | remaining_los_mae_hours=2.9549930095672607"}
{"ts": "2026-06-07T20:13:02+08:00", "message": "stream_metrics: 当前模型训练指标： | macro_f1=0.9562308594924265 | encoder_macro_f1=0.9709154883540718 | mortality_auroc=0.8484669929243582 | next_mv_auroc=0.9684646706192623 | remaining_los_mae_hours=2.9549930095672607"}
{"ts": "2026-06-07T20:13:02+08:00", "message": "sync_config: 已保存客户端训练终端配置。"}
{"ts": "2026-06-07T20:13:02+08:00", "message": "stream_metrics: 当前模型训练指标： | macro_f1=0.9562308594924265 | encoder_macro_f1=0.9709154883540718 | mortality_auroc=0.8484669929243582 | next_mv_auroc=0.9684646706192623 | remaining_los_mae_hours=2.9549930095672607"}
{"ts": "2026-06-07T21:24:19+08:00", "message": "continue_training: 已基于 2 条新 ICU 时序事件完成实际 adapter 增量训练。 | model_revision=incremental-20260607T132419Z-2 | adapter_loss=0.679435 optimizer_steps=16 | total_train_patients=347636 macro_f1=0.960231 | adapter=managed-runtime/models/incremental_icu_adapter.json | report=managed-runtime/reports/incremental_training/incremental-20260607T132419Z-2.json"}
{"ts": "2026-06-07T21:24:19+08:00", "message": "stream_metrics: 当前模型训练指标： | macro_f1=0.9562308594924265 | encoder_macro_f1=0.9709154883540718 | mortality_auroc=0.8484669929243582 | next_mv_auroc=0.9684646706192623 | remaining_los_mae_hours=2.9549930095672607"}
{"ts": "2026-06-07T21:24:20+08:00", "message": "stream_metrics: 当前模型训练指标： | macro_f1=0.9562308594924265 | encoder_macro_f1=0.9709154883540718 | mortality_auroc=0.8484669929243582 | next_mv_auroc=0.9684646706192623 | remaining_los_mae_hours=2.9549930095672607"}
{"ts": "2026-06-07T21:24:20+08:00", "message": "stream_metrics: 当前模型训练指标： | macro_f1=0.9562308594924265 | encoder_macro_f1=0.9709154883540718 | mortality_auroc=0.8484669929243582 | next_mv_auroc=0.9684646706192623 | remaining_los_mae_hours=2.9549930095672607"}
{"ts": "2026-06-07T21:24:20+08:00", "message": "sync_config: 已保存客户端训练终端配置。"}
{"ts": "2026-06-07T21:24:20+08:00", "message": "stream_metrics: 当前模型训练指标： | macro_f1=0.9562308594924265 | encoder_macro_f1=0.9709154883540718 | mortality_auroc=0.8484669929243582 | next_mv_auroc=0.9684646706192623 | remaining_los_mae_hours=2.9549930095672607"}
